// Vitest Snapshot v1, https://vitest.dev/guide/snapshot.html

exports[`MCP tool surface > matches the full schema snapshot 1`] = `
[
  {
    "annotations": {
      "idempotentHint": true,
      "readOnlyHint": false,
    },
    "description": "Call once at the start of a work session, before anything else. Returns the project, your agent identity, all active claims, and unread messages addressed to you — review the claims to see what others are working on, and check messages for coordination requests. Idempotent: re-running refreshes your presence and returns current state without creating duplicates.",
    "inputSchema": {
      "properties": {},
      "type": "object",
    },
    "name": "register_agent",
  },
  {
    "annotations": {
      "readOnlyHint": true,
    },
    "description": "List everyone with access to this project and their running agent sessions — each member's GitHub login, role (OWNER or MEMBER), and registered agents (name + lastSeenAt). Use it to find an agent name before messaging, or to see who is online. A member with status PENDING has requested to auto-join and is awaiting owner approval (the owner approves with \`dibs approve <login>\`). No agents means the member never ran the dibs CLI here; a lastSeenAt older than a few minutes means they are likely not in an active session.",
    "inputSchema": {
      "properties": {},
      "type": "object",
    },
    "name": "list_members",
  },
  {
    "annotations": {
      "readOnlyHint": true,
    },
    "description": "Check who is working on what before editing — pass a relative \`path\` to filter to claims touching that file. Returns ACTIVE, BLOCKED, and WRAPPING_UP claims (WRAPPING_UP = nearly done, you may proceed soon), plus ABANDONED and STALE ones from the last 24 hours. Claims untouched for 4 hours are auto-marked STALE on this call (low-risk, but message the owner if paths overlap). Modifies no other state.",
    "inputSchema": {
      "properties": {
        "path": {
          "description": "Relative file path to filter claims by (e.g. "src/auth/login.ts"). Omit to get all active claims in the project.",
          "type": "string",
        },
      },
      "type": "object",
    },
    "name": "get_claims",
  },
  {
    "annotations": {
      "destructiveHint": false,
    },
    "description": "Register intent to work on files or an area before you start, not after. Use FILE for specific paths, IDEA for broader work where the file set is not yet known. Always pass \`paths\` when known — path claims trigger conflict warnings and the response's \`conflicts\` array lists any overlapping claims. If \`conflicts\` is non-empty, read them and use send_message to coordinate before proceeding — do not silently proceed over a conflict. Claims without paths skip conflict detection. Only you can update or release a claim you create.",
    "inputSchema": {
      "properties": {
        "note": {
          "description": "Optional progress note visible to other agents",
          "type": "string",
        },
        "paths": {
          "description": "Relative file paths involved (e.g. ["src/auth/login.ts", "src/auth/session.ts"]). Strongly recommended — omitting paths disables conflict detection.",
          "items": {
            "type": "string",
          },
          "type": "array",
        },
        "title": {
          "description": "Short human-readable description of what you are working on",
          "type": "string",
        },
        "type": {
          "description": "FILE for specific path-scoped work; IDEA for broader efforts where paths are partially known",
          "enum": [
            "FILE",
            "IDEA",
          ],
          "type": "string",
        },
      },
      "required": [
        "type",
        "title",
      ],
      "type": "object",
    },
    "name": "create_claim",
  },
  {
    "annotations": {
      "destructiveHint": false,
    },
    "description": "Update the status, paths, or note on a claim you own. Status signals progress to others: BLOCKED (waiting on something), WRAPPING_UP (finishing — others can start planning overlapping work), ABANDONED (cancel; or use release_claim). Values: ACTIVE, BLOCKED, WRAPPING_UP, ABANDONED. Updating another agent's claim returns a 403 error.",
    "inputSchema": {
      "properties": {
        "claimId": {
          "description": "ID of the claim to update, from create_claim or get_claims",
          "type": "string",
        },
        "note": {
          "description": "Updated progress note visible to other agents",
          "type": "string",
        },
        "paths": {
          "description": "Revised set of file paths for this claim",
          "items": {
            "type": "string",
          },
          "type": "array",
        },
        "status": {
          "description": "New status for the claim",
          "enum": [
            "ACTIVE",
            "BLOCKED",
            "WRAPPING_UP",
            "ABANDONED",
          ],
          "type": "string",
        },
      },
      "required": [
        "claimId",
      ],
      "type": "object",
    },
    "name": "update_claim",
  },
  {
    "annotations": {
      "destructiveHint": true,
      "idempotentHint": false,
    },
    "description": "Mark a claim complete and free its files when you are done — sets status to ABANDONED. Release as soon as the work is finished; do not leave claims open. You can only release your own claims. Same as update_claim with status ABANDONED.",
    "inputSchema": {
      "properties": {
        "claimId": {
          "description": "ID of the claim to release, from create_claim or get_claims",
          "type": "string",
        },
      },
      "required": [
        "claimId",
      ],
      "type": "object",
    },
    "name": "release_claim",
  },
  {
    "annotations": {
      "destructiveHint": false,
    },
    "description": "Send a coordination message to an agent, the human user, or everyone. AGENT: coordinate with a specific agent (e.g. negotiate scope on a conflict); auto-escalated to their human if they have been inactive 30+ minutes. USER: ask the human or flag something needing their judgment. BROADCAST: project-wide announcements (e.g. "refactoring auth, expect widespread changes"). Set \`claimId\` to link a claim for context, \`parentMessageId\` to reply in a thread.",
    "inputSchema": {
      "properties": {
        "body": {
          "description": "Message content",
          "type": "string",
        },
        "claimId": {
          "description": "Optional claim ID to link this message to a specific claim",
          "type": "string",
        },
        "parentMessageId": {
          "description": "Optional message ID to reply within an existing thread",
          "type": "string",
        },
        "targetId": {
          "description": "For AGENT: the agent's name (from get_claims or register_agent results). For USER: the GitHub login of the human. Omit for BROADCAST.",
          "type": "string",
        },
        "targetType": {
          "description": "Who to send the message to",
          "enum": [
            "AGENT",
            "USER",
            "BROADCAST",
          ],
          "type": "string",
        },
      },
      "required": [
        "targetType",
        "body",
      ],
      "type": "object",
    },
    "name": "send_message",
  },
  {
    "annotations": {
      "readOnlyHint": true,
    },
    "description": "Fetch unread messages addressed to you, your user, or broadcast — or a full conversation thread. Call periodically during long work to catch coordination requests. Without \`threadId\`: returns unread messages and the unread count (use mark_read once handled). With \`threadId\` (any message ID in the thread): returns the full conversation in order — useful for prior context on a reply.",
    "inputSchema": {
      "properties": {
        "threadId": {
          "description": "Optional: any message ID whose thread you want to fetch in full. Omit to get all unread messages.",
          "type": "string",
        },
      },
      "type": "object",
    },
    "name": "get_messages",
  },
  {
    "annotations": {
      "idempotentHint": true,
      "readOnlyHint": false,
    },
    "description": "Mark messages as read so they stop appearing in get_messages. Call after acting on messages from get_messages. You can only mark messages addressed to you or broadcast. Batch all IDs from one get_messages response into a single call.",
    "inputSchema": {
      "properties": {
        "messageIds": {
          "description": "List of message IDs to mark as read",
          "items": {
            "type": "string",
          },
          "type": "array",
        },
      },
      "required": [
        "messageIds",
      ],
      "type": "object",
    },
    "name": "mark_read",
  },
]
`;
